5
10
15
10
20
30
15
30
45
15
10
5
30
20
10
45
30
15
5
